------------------------------------------------------------
TimeQuest Timing Analyzer Summary
------------------------------------------------------------

Type  : Slow 1200mV 100C Model Setup 'U0|altpll_component|auto_generated|pll1|clk[0]'
Slack : -8.840
TNS   : -287.560

Type  : Slow 1200mV 100C Model Setup 'AD7606_DRIVER:U5|HIGN:U5|CH_EN'
Slack : -5.828
TNS   : -77.433

Type  : Slow 1200mV 100C Model Setup 'XRD'
Slack : -3.495
TNS   : -40.536

Type  : Slow 1200mV 100C Model Setup 'XWE'
Slack : -2.354
TNS   : -20.208

Type  : Slow 1200mV 100C Model Hold 'XRD'
Slack : -4.422
TNS   : -48.407

Type  : Slow 1200mV 100C Model Hold 'AD7606_DRIVER:U5|HIGN:U5|CH_EN'
Slack : -2.217
TNS   : -21.947

Type  : Slow 1200mV 100C Model Hold 'U0|altpll_component|auto_generated|pll1|clk[0]'
Slack : 0.355
TNS   : 0.000

Type  : Slow 1200mV 100C Model Hold 'XWE'
Slack : 0.687
TNS   : 0.000

Type  : Slow 1200mV 100C Model Minimum Pulse Width 'XWE'
Slack : -3.000
TNS   : -18.420

Type  : Slow 1200mV 100C Model Minimum Pulse Width 'XRD'
Slack : -3.000
TNS   : -3.000

Type  : Slow 1200mV 100C Model Minimum Pulse Width 'AD7606_DRIVER:U5|HIGN:U5|CH_EN'
Slack : -1.285
TNS   : -11.565

Type  : Slow 1200mV 100C Model Minimum Pulse Width 'U0|altpll_component|auto_generated|pll1|clk[0]'
Slack : 6.368
TNS   : 0.000

Type  : Slow 1200mV 100C Model Minimum Pulse Width 'CLK_30M'
Slack : 16.557
TNS   : 0.000

Type  : Slow 1200mV -40C Model Setup 'U0|altpll_component|auto_generated|pll1|clk[0]'
Slack : -7.537
TNS   : -243.809

Type  : Slow 1200mV -40C Model Setup 'AD7606_DRIVER:U5|HIGN:U5|CH_EN'
Slack : -5.001
TNS   : -65.227

Type  : Slow 1200mV -40C Model Setup 'XRD'
Slack : -2.999
TNS   : -34.882

Type  : Slow 1200mV -40C Model Setup 'XWE'
Slack : -1.971
TNS   : -16.186

Type  : Slow 1200mV -40C Model Hold 'XRD'
Slack : -3.569
TNS   : -38.484

Type  : Slow 1200mV -40C Model Hold 'AD7606_DRIVER:U5|HIGN:U5|CH_EN'
Slack : -1.673
TNS   : -15.732

Type  : Slow 1200mV -40C Model Hold 'U0|altpll_component|auto_generated|pll1|clk[0]'
Slack : 0.335
TNS   : 0.000

Type  : Slow 1200mV -40C Model Hold 'XWE'
Slack : 0.610
TNS   : 0.000

Type  : Slow 1200mV -40C Model Minimum Pulse Width 'XWE'
Slack : -3.000
TNS   : -18.420

Type  : Slow 1200mV -40C Model Minimum Pulse Width 'XRD'
Slack : -3.000
TNS   : -3.000

Type  : Slow 1200mV -40C Model Minimum Pulse Width 'AD7606_DRIVER:U5|HIGN:U5|CH_EN'
Slack : -1.285
TNS   : -11.565

Type  : Slow 1200mV -40C Model Minimum Pulse Width 'U0|altpll_component|auto_generated|pll1|clk[0]'
Slack : 6.340
TNS   : 0.000

Type  : Slow 1200mV -40C Model Minimum Pulse Width 'CLK_30M'
Slack : 16.573
TNS   : 0.000

Type  : Fast 1200mV -40C Model Setup 'U0|altpll_component|auto_generated|pll1|clk[0]'
Slack : -4.666
TNS   : -161.788

Type  : Fast 1200mV -40C Model Setup 'AD7606_DRIVER:U5|HIGN:U5|CH_EN'
Slack : -2.663
TNS   : -31.343

Type  : Fast 1200mV -40C Model Setup 'XRD'
Slack : -1.163
TNS   : -12.974

Type  : Fast 1200mV -40C Model Setup 'XWE'
Slack : -0.498
TNS   : -3.291

Type  : Fast 1200mV -40C Model Hold 'XRD'
Slack : -2.772
TNS   : -31.207

Type  : Fast 1200mV -40C Model Hold 'AD7606_DRIVER:U5|HIGN:U5|CH_EN'
Slack : -1.337
TNS   : -13.987

Type  : Fast 1200mV -40C Model Hold 'U0|altpll_component|auto_generated|pll1|clk[0]'
Slack : 0.128
TNS   : 0.000

Type  : Fast 1200mV -40C Model Hold 'XWE'
Slack : 0.296
TNS   : 0.000

Type  : Fast 1200mV -40C Model Minimum Pulse Width 'XWE'
Slack : -3.000
TNS   : -15.448

Type  : Fast 1200mV -40C Model Minimum Pulse Width 'XRD'
Slack : -3.000
TNS   : -6.011

Type  : Fast 1200mV -40C Model Minimum Pulse Width 'AD7606_DRIVER:U5|HIGN:U5|CH_EN'
Slack : -1.000
TNS   : -9.000

Type  : Fast 1200mV -40C Model Minimum Pulse Width 'U0|altpll_component|auto_generated|pll1|clk[0]'
Slack : 6.411
TNS   : 0.000

Type  : Fast 1200mV -40C Model Minimum Pulse Width 'CLK_30M'
Slack : 16.282
TNS   : 0.000

------------------------------------------------------------
