------------------------------------------------------------
TimeQuest Timing Analyzer Summary
------------------------------------------------------------

Type  : Slow 1200mV 85C Model Setup 'u0|altpll_component|auto_generated|pll1|clk[0]'
Slack : -9.520
TNS   : -172.894

Type  : Slow 1200mV 85C Model Setup 'u0|altpll_component|auto_generated|pll1|clk[1]'
Slack : -4.853
TNS   : -38.662

Type  : Slow 1200mV 85C Model Setup 'dynamic_scanning_display:u6|sel_seg_ctrl:u2|vision_clk'
Slack : -1.013
TNS   : -3.694

Type  : Slow 1200mV 85C Model Setup 'vga_ctrl:u3|h_cnt[4]'
Slack : 0.063
TNS   : 0.000

Type  : Slow 1200mV 85C Model Hold 'vga_ctrl:u3|h_cnt[4]'
Slack : -3.124
TNS   : -45.308

Type  : Slow 1200mV 85C Model Hold 'u0|altpll_component|auto_generated|pll1|clk[1]'
Slack : -0.218
TNS   : -0.218

Type  : Slow 1200mV 85C Model Hold 'u0|altpll_component|auto_generated|pll1|clk[0]'
Slack : 0.090
TNS   : 0.000

Type  : Slow 1200mV 85C Model Hold 'dynamic_scanning_display:u6|sel_seg_ctrl:u2|vision_clk'
Slack : 0.516
TNS   : 0.000

Type  : Slow 1200mV 85C Model Minimum Pulse Width 'dynamic_scanning_display:u6|sel_seg_ctrl:u2|vision_clk'
Slack : -1.487
TNS   : -11.896

Type  : Slow 1200mV 85C Model Minimum Pulse Width 'vga_ctrl:u3|h_cnt[4]'
Slack : 0.276
TNS   : 0.000

Type  : Slow 1200mV 85C Model Minimum Pulse Width 'u0|altpll_component|auto_generated|pll1|clk[1]'
Slack : 9.701
TNS   : 0.000

Type  : Slow 1200mV 85C Model Minimum Pulse Width 'board_clk'
Slack : 9.934
TNS   : 0.000

Type  : Slow 1200mV 85C Model Minimum Pulse Width 'u0|altpll_component|auto_generated|pll1|clk[0]'
Slack : 19.708
TNS   : 0.000

Type  : Slow 1200mV 0C Model Setup 'u0|altpll_component|auto_generated|pll1|clk[0]'
Slack : -8.440
TNS   : -150.893

Type  : Slow 1200mV 0C Model Setup 'u0|altpll_component|auto_generated|pll1|clk[1]'
Slack : -4.300
TNS   : -33.636

Type  : Slow 1200mV 0C Model Setup 'dynamic_scanning_display:u6|sel_seg_ctrl:u2|vision_clk'
Slack : -0.829
TNS   : -2.790

Type  : Slow 1200mV 0C Model Setup 'vga_ctrl:u3|h_cnt[4]'
Slack : -0.291
TNS   : -1.848

Type  : Slow 1200mV 0C Model Hold 'vga_ctrl:u3|h_cnt[4]'
Slack : -2.824
TNS   : -38.503

Type  : Slow 1200mV 0C Model Hold 'u0|altpll_component|auto_generated|pll1|clk[1]'
Slack : -0.329
TNS   : -0.329

Type  : Slow 1200mV 0C Model Hold 'u0|altpll_component|auto_generated|pll1|clk[0]'
Slack : -0.033
TNS   : -0.033

Type  : Slow 1200mV 0C Model Hold 'dynamic_scanning_display:u6|sel_seg_ctrl:u2|vision_clk'
Slack : 0.485
TNS   : 0.000

Type  : Slow 1200mV 0C Model Minimum Pulse Width 'dynamic_scanning_display:u6|sel_seg_ctrl:u2|vision_clk'
Slack : -1.487
TNS   : -11.896

Type  : Slow 1200mV 0C Model Minimum Pulse Width 'vga_ctrl:u3|h_cnt[4]'
Slack : 0.008
TNS   : 0.000

Type  : Slow 1200mV 0C Model Minimum Pulse Width 'u0|altpll_component|auto_generated|pll1|clk[1]'
Slack : 9.675
TNS   : 0.000

Type  : Slow 1200mV 0C Model Minimum Pulse Width 'board_clk'
Slack : 9.943
TNS   : 0.000

Type  : Slow 1200mV 0C Model Minimum Pulse Width 'u0|altpll_component|auto_generated|pll1|clk[0]'
Slack : 19.677
TNS   : 0.000

Type  : Fast 1200mV 0C Model Setup 'u0|altpll_component|auto_generated|pll1|clk[0]'
Slack : -4.136
TNS   : -73.369

Type  : Fast 1200mV 0C Model Setup 'u0|altpll_component|auto_generated|pll1|clk[1]'
Slack : -1.764
TNS   : -13.896

Type  : Fast 1200mV 0C Model Setup 'dynamic_scanning_display:u6|sel_seg_ctrl:u2|vision_clk'
Slack : 0.102
TNS   : 0.000

Type  : Fast 1200mV 0C Model Setup 'vga_ctrl:u3|h_cnt[4]'
Slack : 0.483
TNS   : 0.000

Type  : Fast 1200mV 0C Model Hold 'vga_ctrl:u3|h_cnt[4]'
Slack : -1.556
TNS   : -22.284

Type  : Fast 1200mV 0C Model Hold 'u0|altpll_component|auto_generated|pll1|clk[1]'
Slack : -0.058
TNS   : -0.058

Type  : Fast 1200mV 0C Model Hold 'u0|altpll_component|auto_generated|pll1|clk[0]'
Slack : 0.072
TNS   : 0.000

Type  : Fast 1200mV 0C Model Hold 'dynamic_scanning_display:u6|sel_seg_ctrl:u2|vision_clk'
Slack : 0.201
TNS   : 0.000

Type  : Fast 1200mV 0C Model Minimum Pulse Width 'dynamic_scanning_display:u6|sel_seg_ctrl:u2|vision_clk'
Slack : -1.000
TNS   : -8.000

Type  : Fast 1200mV 0C Model Minimum Pulse Width 'vga_ctrl:u3|h_cnt[4]'
Slack : 0.252
TNS   : 0.000

Type  : Fast 1200mV 0C Model Minimum Pulse Width 'board_clk'
Slack : 9.594
TNS   : 0.000

Type  : Fast 1200mV 0C Model Minimum Pulse Width 'u0|altpll_component|auto_generated|pll1|clk[1]'
Slack : 9.732
TNS   : 0.000

Type  : Fast 1200mV 0C Model Minimum Pulse Width 'u0|altpll_component|auto_generated|pll1|clk[0]'
Slack : 19.734
TNS   : 0.000

------------------------------------------------------------
